BBC1_YEAST_Tsuboyama_2023_1TG0 baseline=0.893 esm6=0.907 zs_masked=0.540 kermut=0.930 proteinnpt=0.918 ohe=0.709
ISDH_STAAW_Tsuboyama_2023_2LHR baseline=0.880 esm6=0.891 zs_masked=0.193 kermut=0.886 proteinnpt=0.884 ohe=0.676
RS15_GEOSE_Tsuboyama_2023_1A32 baseline=0.934 esm6=0.939 zs_masked=0.554 kermut=0.913 proteinnpt=0.923 ohe=0.711
MYO3_YEAST_Tsuboyama_2023_2BTT baseline=0.831 esm6=0.876 zs_masked=0.520 kermut=0.920 proteinnpt=0.918 ohe=0.704
SAV1_MOUSE_Tsuboyama_2023_2YSB baseline=0.876 esm6=0.889 zs_masked=0.637 kermut=0.908 proteinnpt=0.918 ohe=0.794
RPC1_BP434_Tsuboyama_2023_1R69 baseline=0.894 esm6=0.913 zs_masked=0.584 kermut=0.942 proteinnpt=0.944 ohe=0.763
FECA_ECOLI_Tsuboyama_2023_2D1U baseline=0.889 esm6=0.921 zs_masked=0.504 kermut=0.920 proteinnpt=0.921 ohe=0.699
DN7A_SACS2_Tsuboyama_2023_1JIC baseline=0.872 esm6=0.885 zs_masked=0.292 kermut=0.913 proteinnpt=0.907 ohe=0.689
VG08_BPP22_Tsuboyama_2023_2GP8 baseline=0.914 esm6=0.928 zs_masked=0.599 kermut=0.909 proteinnpt=0.924 ohe=0.684
RCD1_ARATH_Tsuboyama_2023_5OAO baseline=0.906 esm6=0.908 zs_masked=0.459 kermut=0.911 proteinnpt=0.902 ohe=0.627
SR43C_ARATH_Tsuboyama_2023_2N88 baseline=0.892 esm6=0.919 zs_masked=0.573 kermut=0.934 proteinnpt=0.917 ohe=0.769
YAIA_ECOLI_Tsuboyama_2023_2KVT baseline=0.880 esm6=0.895 zs_masked=0.554 kermut=0.889 proteinnpt=0.883 ohe=0.717
VRPI_BPT7_Tsuboyama_2023_2WNM baseline=0.882 esm6=0.913 zs_masked=0.633 kermut=0.932 proteinnpt=0.905 ohe=0.729
UBR5_HUMAN_Tsuboyama_2023_1I2T baseline=0.900 esm6=0.902 zs_masked=0.290 kermut=0.872 proteinnpt=0.912 ohe=0.726
PKN1_HUMAN_Tsuboyama_2023_1URF baseline=0.753 esm6=0.767 zs_masked=0.333 kermut=0.862 proteinnpt=0.890 ohe=0.634
DOCK1_MOUSE_Tsuboyama_2023_2M0Y baseline=0.881 esm6=0.897 zs_masked=0.479 kermut=0.900 proteinnpt=0.899 ohe=0.721
SPTN1_CHICK_Tsuboyama_2023_1TUD baseline=0.851 esm6=0.883 zs_masked=0.545 kermut=0.915 proteinnpt=0.909 ohe=0.727
MAFG_MOUSE_Tsuboyama_2023_1K1V baseline=0.849 esm6=0.883 zs_masked=0.617 kermut=0.933 proteinnpt=0.915 ohe=0.667
OTU7A_HUMAN_Tsuboyama_2023_2L2D baseline=0.815 esm6=0.841 zs_masked=0.386 kermut=0.906 proteinnpt=0.890 ohe=0.696
ODP2_GEOSE_Tsuboyama_2023_1W4G baseline=0.837 esm6=0.887 zs_masked=0.516 kermut=0.889 proteinnpt=0.917 ohe=0.726
PIN1_HUMAN_Tsuboyama_2023_1I6C baseline=0.868 esm6=0.889 zs_masked=0.666 kermut=0.923 proteinnpt=0.928 ohe=0.747
MBD11_ARATH_Tsuboyama_2023_6ACV baseline=0.948 esm6=0.954 zs_masked=0.451 kermut=0.942 proteinnpt=0.946 ohe=0.841
PR40A_HUMAN_Tsuboyama_2023_1UZC baseline=0.871 esm6=0.893 zs_masked=0.607 kermut=0.884 proteinnpt=0.924 ohe=0.790
SOX30_HUMAN_Tsuboyama_2023_7JJK baseline=0.870 esm6=0.898 zs_masked=0.510 kermut=0.907 proteinnpt=0.927 ohe=0.655
CBPA2_HUMAN_Tsuboyama_2023_1O6X baseline=0.867 esm6=0.888 zs_masked=0.458 kermut=0.904 proteinnpt=0.916 ohe=0.703
AMFR_HUMAN_Tsuboyama_2023_4G3O baseline=0.906 esm6=0.915 zs_masked=0.400 kermut=0.940 proteinnpt=0.944 ohe=0.762
RBP1_HUMAN_Tsuboyama_2023_2KWH baseline=0.854 esm6=0.878 zs_masked=0.544 kermut=0.904 proteinnpt=0.887 ohe=0.653
PSAE_PICP2_Tsuboyama_2023_1PSE baseline=0.901 esm6=0.907 zs_masked=0.578 kermut=0.900 proteinnpt=0.892 ohe=0.737
NKX31_HUMAN_Tsuboyama_2023_2L9R baseline=0.857 esm6=0.873 zs_masked=0.744 kermut=0.886 proteinnpt=0.905 ohe=0.729
OBSCN_HUMAN_Tsuboyama_2023_1V1C baseline=0.892 esm6=0.904 zs_masked=0.617 kermut=0.931 proteinnpt=0.929 ohe=0.767
ILF3_HUMAN_Tsuboyama_2023_2L33 baseline=0.861 esm6=0.855 zs_masked=0.216 kermut=0.759 proteinnpt=0.860 ohe=0.588
VILI_CHICK_Tsuboyama_2023_1YU5 baseline=0.893 esm6=0.914 zs_masked=0.632 kermut=0.927 proteinnpt=0.928 ohe=0.761
SBI_STAAM_Tsuboyama_2023_2JVG baseline=0.864 esm6=0.888 zs_masked=0.621 kermut=0.891 proteinnpt=0.898 ohe=0.721
UBE4B_HUMAN_Tsuboyama_2023_3L1X baseline=0.864 esm6=0.890 zs_masked=0.607 kermut=0.933 proteinnpt=0.929 ohe=0.763
RFAH_ECOLI_Tsuboyama_2023_2LCL baseline=0.872 esm6=0.878 zs_masked=0.303 kermut=0.859 proteinnpt=0.854 ohe=0.579
SPG2_STRSG_Tsuboyama_2023_5UBS baseline=0.912 esm6=0.914 zs_masked=0.146 kermut=0.913 proteinnpt=0.917 ohe=0.638
THO1_YEAST_Tsuboyama_2023_2WQG baseline=0.857 esm6=0.889 zs_masked=0.402 kermut=0.911 proteinnpt=0.907 ohe=0.710
TCRG1_MOUSE_Tsuboyama_2023_1E0L baseline=0.867 esm6=0.890 zs_masked=0.711 kermut=0.920 proteinnpt=0.923 ohe=0.743
HCP_LAMBD_Tsuboyama_2023_2L6Q baseline=0.919 esm6=0.919 zs_masked=0.673 kermut=0.914 proteinnpt=0.926 ohe=0.732
TNKS2_HUMAN_Tsuboyama_2023_5JRT baseline=0.878 esm6=0.894 zs_masked=0.603 kermut=0.947 proteinnpt=0.950 ohe=0.758
CUE1_YEAST_Tsuboyama_2023_2MYX baseline=0.920 esm6=0.935 zs_masked=0.504 kermut=0.940 proteinnpt=0.937 ohe=0.781
NUSA_ECOLI_Tsuboyama_2023_1WCL baseline=0.890 esm6=0.899 zs_masked=0.356 kermut=0.944 proteinnpt=0.944 ohe=0.762
FKBP3_HUMAN_Tsuboyama_2023_2KFV baseline=0.842 esm6=0.845 zs_masked=0.339 kermut=0.844 proteinnpt=0.891 ohe=0.734
EPHB2_HUMAN_Tsuboyama_2023_1F0M baseline=0.925 esm6=0.931 zs_masked=0.655 kermut=0.928 proteinnpt=0.933 ohe=0.759
SDA_BACSU_Tsuboyama_2023_1PV0 baseline=0.893 esm6=0.896 zs_masked=0.538 kermut=0.926 proteinnpt=0.938 ohe=0.703
RAD_ANTMA_Tsuboyama_2023_2CJJ baseline=0.735 esm6=0.814 zs_masked=0.372 kermut=0.876 proteinnpt=0.874 ohe=0.678
DNJA1_HUMAN_Tsuboyama_2023_2LO1 baseline=0.912 esm6=0.929 zs_masked=0.599 kermut=0.925 proteinnpt=0.939 ohe=0.799
PITX2_HUMAN_Tsuboyama_2023_2L7M baseline=0.886 esm6=0.905 zs_masked=0.633 kermut=0.931 proteinnpt=0.927 ohe=0.776
RD23A_HUMAN_Tsuboyama_2023_1IFY baseline=0.859 esm6=0.874 zs_masked=0.523 kermut=0.933 proteinnpt=0.950 ohe=0.726
SRBS1_HUMAN_Tsuboyama_2023_2O2W baseline=0.891 esm6=0.911 zs_masked=0.649 kermut=0.938 proteinnpt=0.940 ohe=0.805
YNZC_BACSU_Tsuboyama_2023_2JVD baseline=0.827 esm6=0.853 zs_masked=0.510 kermut=0.889 proteinnpt=0.911 ohe=0.691
SQSTM_MOUSE_Tsuboyama_2023_2RRU baseline=0.885 esm6=0.917 zs_masked=0.656 kermut=0.930 proteinnpt=0.942 ohe=0.759
CSN4_MOUSE_Tsuboyama_2023_1UFM baseline=0.888 esm6=0.894 zs_masked=0.241 kermut=0.927 proteinnpt=0.938 ohe=0.748
SPA_STAAU_Tsuboyama_2023_1LP1 baseline=0.914 esm6=0.924 zs_masked=0.253 kermut=0.909 proteinnpt=0.923 ohe=0.746
ARGR_ECOLI_Tsuboyama_2023_1AOY baseline=0.895 esm6=0.890 zs_masked=0.526 kermut=0.880 proteinnpt=0.915 ohe=0.698
NUSG_MYCTU_Tsuboyama_2023_2MI6 baseline=0.886 esm6=0.917 zs_masked=0.604 kermut=0.953 proteinnpt=0.953 ohe=0.739
CATR_CHLRE_Tsuboyama_2023_2AMI baseline=0.873 esm6=0.886 zs_masked=0.419 kermut=0.903 proteinnpt=0.916 ohe=0.642
SCIN_STAAR_Tsuboyama_2023_2QFF baseline=0.903 esm6=0.912 zs_masked=0.269 kermut=0.913 proteinnpt=0.922 ohe=0.688
HECD1_HUMAN_Tsuboyama_2023_3DKM baseline=0.896 esm6=0.904 zs_masked=0.707 kermut=0.925 proteinnpt=0.937 ohe=0.809
RCRO_LAMBD_Tsuboyama_2023_1ORC baseline=0.901 esm6=0.905 zs_masked=0.413 kermut=0.929 proteinnpt=0.935 ohe=0.773
CBX4_HUMAN_Tsuboyama_2023_2K28 baseline=0.893 esm6=0.915 zs_masked=0.696 kermut=0.920 proteinnpt=0.910 ohe=0.735
BCHB_CHLTE_Tsuboyama_2023_2KRU baseline=0.880 esm6=0.919 zs_masked=0.494 kermut=0.920 proteinnpt=0.927 ohe=0.755
RL20_AQUAE_Tsuboyama_2023_1GYZ baseline=0.796 esm6=0.810 zs_masked=0.343 kermut=0.811 proteinnpt=0.834 ohe=0.705
POLG_PESV_Tsuboyama_2023_2MXD baseline=0.895 esm6=0.898 zs_masked=0.175 kermut=0.918 proteinnpt=0.935 ohe=0.755
baseline      0.8771
esm6          0.8947
zs_masked     0.4964
kermut        0.9092
proteinnpt    0.9165
ohe           0.7236
esm6 - baseline: +0.0176 [+0.0144, +0.0212]  better on 97%
esm6 - kermut: -0.0146 [-0.0213, -0.0080]  better on 28%
esm6 - proteinnpt: -0.0219 [-0.0280, -0.0164]  better on 19%
baseline - kermut: -0.0322 [-0.0408, -0.0234]  better on 16%
baseline - proteinnpt: -0.0395 [-0.0471, -0.0319]  better on 9%
