CASP7_HUMAN_Roychowdhury_2020 baseline=0.667 esm6=0.714 zs_masked=0.695 kermut=0.707 proteinnpt=0.671 ohe=0.528
Q53Z42_HUMAN_McShan_2019_binding-TAPBPR baseline=0.808 esm6=0.808 zs_masked=0.267 kermut=0.787 proteinnpt=0.774 ohe=0.673
Q53Z42_HUMAN_McShan_2019_expression baseline=0.763 esm6=0.771 zs_masked=0.571 kermut=0.782 proteinnpt=0.774 ohe=0.618
TRPC_THEMA_Chan_2017 baseline=0.780 esm6=0.766 zs_masked=0.491 kermut=0.787 proteinnpt=0.818 ohe=0.672
RL40A_YEAST_Mavor_2016 baseline=0.762 esm6=0.759 zs_masked=0.393 kermut=0.737 proteinnpt=0.736 ohe=0.638
RL40A_YEAST_Roscoe_2013 baseline=0.870 esm6=0.876 zs_masked=0.583 kermut=0.846 proteinnpt=0.894 ohe=0.712
RL40A_YEAST_Roscoe_2014 baseline=0.781 esm6=0.788 zs_masked=0.560 kermut=0.758 proteinnpt=0.799 ohe=0.707
OPSD_HUMAN_Wan_2019 baseline=0.699 esm6=0.740 zs_masked=0.655 kermut=0.727 proteinnpt=0.694 ohe=0.532
A0A1I9GEU1_NEIME_Kennouche_2019 baseline=0.146 esm6=0.140 zs_masked=-0.182 kermut=0.089 proteinnpt=0.094 ohe=0.113
OXDA_RHOTO_Vanella_2023_activity baseline=0.495 esm6=0.533 zs_masked=0.413 kermut=0.589 proteinnpt=0.551 ohe=0.500
OXDA_RHOTO_Vanella_2023_expression baseline=0.488 esm6=0.507 zs_masked=0.212 kermut=0.661 proteinnpt=0.631 ohe=0.571
AICDA_HUMAN_Gajula_2014_3cycles baseline=0.532 esm6=0.543 zs_masked=0.296 kermut=0.335 proteinnpt=0.463 ohe=0.273
CAR11_HUMAN_Meitlis_2020_gof baseline=0.620 esm6=0.624 zs_masked=0.264 kermut=0.637 proteinnpt=0.549 ohe=0.583
CAR11_HUMAN_Meitlis_2020_lof baseline=0.762 esm6=0.782 zs_masked=0.463 kermut=0.794 proteinnpt=0.763 ohe=0.710
MSH2_HUMAN_Jia_2020 baseline=0.392 esm6=0.434 zs_masked=0.218 kermut=0.665 proteinnpt=0.526 ohe=0.513
ADRB2_HUMAN_Jones_2020 baseline=0.571 esm6=0.604 zs_masked=0.517 kermut=0.615 proteinnpt=0.603 ohe=0.492
KKA2_KLEPN_Melnikov_2014 baseline=0.710 esm6=0.734 zs_masked=0.613 kermut=0.808 proteinnpt=0.790 ohe=0.697
HXK4_HUMAN_Gersing_2022_activity baseline=0.618 esm6=0.671 zs_masked=0.587 kermut=0.700 proteinnpt=0.664 ohe=0.621
HXK4_HUMAN_Gersing_2023_abundance baseline=0.477 esm6=0.487 zs_masked=0.335 kermut=0.662 proteinnpt=0.636 ohe=0.540
NCAP_I34A1_Doud_2015 baseline=0.515 esm6=0.509 zs_masked=0.093 kermut=0.654 proteinnpt=0.623 ohe=0.468
LGK_LIPST_Klesmith_2015 baseline=0.702 esm6=0.717 zs_masked=0.511 kermut=0.782 proteinnpt=0.772 ohe=0.569
MTH3_HAEAE_RockahShmuel_2015 baseline=0.660 esm6=0.728 zs_masked=0.608 kermut=0.763 proteinnpt=0.715 ohe=0.566
DLG4_RAT_McLaughlin_2012 baseline=0.867 esm6=0.869 zs_masked=0.512 kermut=0.761 proteinnpt=0.800 ohe=0.693
A4GRB6_PSEAI_Chen_2020 baseline=0.831 esm6=0.845 zs_masked=0.702 kermut=0.905 proteinnpt=0.906 ohe=0.789
NPC1_HUMAN_Erwood_2022_HEK293T baseline=0.759 esm6=0.801 zs_masked=0.692 kermut=0.820 proteinnpt=0.823 ohe=0.568
OTC_HUMAN_Lo_2023 baseline=0.764 esm6=0.830 zs_masked=0.483 kermut=0.869 proteinnpt=0.869 ohe=0.552
Q837P5_ENTFA_Meier_2023 baseline=0.791 esm6=0.791 zs_masked=0.402 kermut=0.808 proteinnpt=0.813 ohe=0.614
IF1_ECOLI_Kelsic_2016 baseline=0.882 esm6=0.894 zs_masked=0.504 kermut=0.775 proteinnpt=0.871 ohe=0.713
GAL4_YEAST_Kitzman_2015 baseline=0.752 esm6=0.737 zs_masked=0.667 kermut=0.738 proteinnpt=0.688 ohe=0.666
KCNH2_HUMAN_Kozek_2020 baseline=0.778 esm6=0.763 zs_masked=0.497 kermut=0.700 proteinnpt=0.758 ohe=0.405
PHOT_CHLRE_Chen_2023 baseline=0.752 esm6=0.784 zs_masked=0.648 kermut=0.789 proteinnpt=0.820 ohe=0.611
MLAC_ECOLI_MacRae_2023 baseline=0.718 esm6=0.720 zs_masked=0.304 kermut=0.780 proteinnpt=0.811 ohe=0.687
POLG_DEN26_Suphatrakul_2023 baseline=0.580 esm6=0.590 zs_masked=0.150 kermut=0.825 proteinnpt=0.786 ohe=0.536
GDIA_HUMAN_Silverstein_2021 baseline=0.517 esm6=0.573 zs_masked=0.437 kermut=0.529 proteinnpt=0.472 ohe=0.170
KCNE1_HUMAN_Muhammad_2023_expression baseline=0.658 esm6=0.665 zs_masked=-0.052 kermut=0.792 proteinnpt=0.809 ohe=0.616
KCNE1_HUMAN_Muhammad_2023_function baseline=0.766 esm6=0.768 zs_masked=0.633 kermut=0.786 proteinnpt=0.781 ohe=0.680
I6TAH8_I68A0_Doud_2015 baseline=0.659 esm6=0.662 zs_masked=0.064 kermut=0.743 proteinnpt=0.700 ohe=0.647
HMDH_HUMAN_Jiang_2019 baseline=0.620 esm6=0.647 zs_masked=0.437 kermut=0.732 proteinnpt=0.669 ohe=0.518
ENV_HV1B9_DuenasDecamp_2016 baseline=0.513 esm6=0.514 zs_masked=0.145 kermut=0.515 proteinnpt=0.594 ohe=0.474
P84126_THETH_Chan_2017 baseline=0.889 esm6=0.910 zs_masked=0.716 kermut=0.859 proteinnpt=0.897 ohe=0.649
TADBP_HUMAN_Bolognesi_2019 baseline=0.767 esm6=0.774 zs_masked=-0.283 kermut=0.780 proteinnpt=0.769 ohe=0.246
TPMT_HUMAN_Matreyek_2018 baseline=0.525 esm6=0.614 zs_masked=0.610 kermut=0.627 proteinnpt=0.569 ohe=0.514
SYUA_HUMAN_Newberry_2020 baseline=0.638 esm6=0.644 zs_masked=0.008 kermut=0.601 proteinnpt=0.651 ohe=0.316
CD19_HUMAN_Klesmith_2019_FMC_singles baseline=0.719 esm6=0.723 zs_masked=0.075 kermut=0.634 proteinnpt=0.641 ohe=0.501
TRPC_SACS2_Chan_2017 baseline=0.804 esm6=0.833 zs_masked=0.711 kermut=0.810 proteinnpt=0.813 ohe=0.601
SPG1_STRSG_Olson_2014 baseline=0.913 esm6=0.912 zs_masked=0.220 kermut=0.867 proteinnpt=0.906 ohe=0.820
CALM1_HUMAN_Weile_2017 baseline=0.365 esm6=0.395 zs_masked=0.315 kermut=0.244 proteinnpt=0.309 ohe=0.163
RPC1_LAMBD_Li_2019_high-expression baseline=0.397 esm6=0.535 zs_masked=0.477 kermut=0.583 proteinnpt=0.561 ohe=0.356
RPC1_LAMBD_Li_2019_low-expression baseline=0.585 esm6=0.620 zs_masked=0.589 kermut=0.713 proteinnpt=0.708 ohe=0.509
POLG_HCVJF_Qi_2014 baseline=0.818 esm6=0.814 zs_masked=-0.010 kermut=0.705 proteinnpt=0.804 ohe=0.598
PRKN_HUMAN_Clausen_2023 baseline=0.840 esm6=0.859 zs_masked=0.615 kermut=0.875 proteinnpt=0.850 ohe=0.758
GLPA_HUMAN_Elazar_2016 baseline=0.720 esm6=0.720 zs_masked=0.508 kermut=0.765 proteinnpt=0.799 ohe=0.332
TPOR_HUMAN_Bridgford_2020 baseline=0.659 esm6=0.664 zs_masked=0.269 kermut=0.646 proteinnpt=0.663 ohe=0.375
RAF1_HUMAN_Zinkus-Boltz_2019 baseline=0.334 esm6=0.411 zs_masked=0.472 kermut=0.431 proteinnpt=0.367 ohe=0.266
CASP3_HUMAN_Roychowdhury_2020 baseline=0.638 esm6=0.696 zs_masked=0.510 kermut=0.741 proteinnpt=0.688 ohe=0.493
YAP1_HUMAN_Araya_2012 baseline=0.777 esm6=0.800 zs_masked=0.545 kermut=0.804 proteinnpt=0.784 ohe=0.638
ACE2_HUMAN_Chan_2020 baseline=0.662 esm6=0.676 zs_masked=0.245 kermut=0.723 proteinnpt=0.730 ohe=0.641
RASH_HUMAN_Bandaru_2017 baseline=0.755 esm6=0.772 zs_masked=0.463 kermut=0.839 proteinnpt=0.850 ohe=0.695
TAT_HV1BR_Fernandes_2016 baseline=0.651 esm6=0.643 zs_masked=-0.098 kermut=0.583 proteinnpt=0.597 ohe=0.541
Q2N0S5_9HIV1_Haddox_2018 baseline=0.667 esm6=0.676 zs_masked=0.117 kermut=0.841 proteinnpt=0.753 ohe=0.672
KCNJ2_MOUSE_Coyote-Maestas_2022_function baseline=0.397 esm6=0.434 zs_masked=0.348 kermut=0.477 proteinnpt=0.446 ohe=0.398
KCNJ2_MOUSE_Coyote-Maestas_2022_surface baseline=0.491 esm6=0.527 zs_masked=0.326 kermut=0.655 proteinnpt=0.548 ohe=0.534
PPM1D_HUMAN_Miller_2022 baseline=0.587 esm6=0.636 zs_masked=0.580 kermut=0.687 proteinnpt=0.668 ohe=0.609
CAPSD_AAV2S_Sinai_2021 baseline=0.719 esm6=0.721 zs_masked=0.252 kermut=0.818 proteinnpt=0.855 ohe=0.645
baseline      0.6616
esm6          0.6827
zs_masked     0.3902
kermut        0.7041
proteinnpt    0.6990
ohe           0.5485
esm6 - baseline: +0.0212 [+0.0148, +0.0281]  better on 83%
esm6 - kermut: -0.0213 [-0.0413, -0.0010]  better on 33%
esm6 - proteinnpt: -0.0163 [-0.0321, -0.0017]  better on 47%
baseline - kermut: -0.0425 [-0.0644, -0.0210]  better on 28%
baseline - proteinnpt: -0.0374 [-0.0525, -0.0219]  better on 25%
