FoR48-ood-01352840-00 old 0.8499 plm 0.8548 ref 0.2143 (3s/4s)
FoR48-ood-01352840-01 old 0.8930 plm 0.8947 ref 0.3553 (3s/4s)
FoR48-ood-01352840-02 old 0.8371 plm 0.8496 ref 0.2870 (3s/4s)
FoR48-ood-01352840-03 old 0.8103 plm 0.8778 ref 0.3437 (3s/4s)
FoR48-ood-01352840-04 old 0.8910 plm 0.8980 ref 0.2915 (3s/3s)
FoR48-ood-01352840-05 old 0.8284 plm 0.8520 ref 0.3128 (3s/4s)
FoR48-ood-01352840-06 old 0.9010 plm 0.8862 ref 0.4401 (3s/4s)
FoR48-ood-01352840-07 old 0.9088 plm 0.9089 ref 0.4048 (3s/3s)
FoR48-ood-01352840-08 old 0.8581 plm 0.8876 ref 0.2850 (3s/4s)
FoR48-ood-01352840-09 old 0.8616 plm 0.8894 ref 0.3438 (3s/4s)
FoR48-ood-01352840-10 old 0.8352 plm 0.8817 ref 0.2294 (3s/3s)
FoR48-ood-01352840-11 old 0.8308 plm 0.8992 ref 0.2737 (3s/4s)
FoR48-ood-01352840-12 old 0.9766 plm 0.9391 ref 0.4322 (3s/4s)
FoR48-ood-01352840-13 old 0.8383 plm 0.8533 ref 0.3332 (3s/4s)
FoR48-ood-01352840-14 old 0.8639 plm 0.8656 ref 0.1691 (3s/4s)
FoR48-ood-01352840-15 old 0.8154 plm 0.9382 ref 0.2163 (4s/4s)
FoR48-ood-01352840-16 old 0.9204 plm 0.9343 ref 0.4693 (3s/4s)
FoR48-ood-01352840-17 old 0.8126 plm 0.8546 ref 0.3245 (3s/4s)
FoR48-ood-01352840-18 old 0.8913 plm 0.8976 ref 0.3039 (4s/4s)
FoR48-ood-01352840-19 old 0.8299 plm 0.8547 ref 0.4731 (3s/4s)
FoR48-ood-01352840-20 old 0.9214 plm 0.9469 ref 0.4189 (3s/4s)
FoR48-ood-01352840-21 old 0.9760 plm 0.9864 ref 0.3580 (4s/5s)
FoR48-ood-01352840-22 old 0.7854 plm 0.8021 ref 0.3256 (4s/5s)
FoR48-ood-01352840-23 old 0.9145 plm 0.9194 ref 0.4289 (5s/4s)
FoR48-ood-01352840-24 old 0.8791 plm 0.8851 ref 0.4458 (4s/4s)
FoR48-ood-01352840-25 old 0.9421 plm 0.9510 ref 0.3962 (3s/4s)
FoR48-ood-01352840-26 old 0.8874 plm 0.8941 ref 0.2523 (4s/4s)
FoR48-ood-01352840-27 old 0.8979 plm 0.9355 ref 0.2723 (3s/4s)
FoR48-ood-01352840-28 old 0.9062 plm 0.9531 ref 0.3933 (4s/6s)
FoR48-ood-01352840-29 old 0.7880 plm 0.7625 ref 0.2500 (4s/6s)
--- ood: 480 pairs in 30 episodes, clustered by contract
reference 0.3348   plm=False 0.8717   plm=True 0.8918   diff +0.0201 (+0.0070, +0.0328)
accepted old/plm: 30 30 of 30
p_at_r80 old 0.8034 plm 0.8275
nli_acc old 0.9083 plm 0.9062
