FoR48-id-01352840-00 old 0.8014 plm 0.8511 ref 0.1954 (2s/3s)
FoR48-id-01352840-01 old 0.8730 plm 0.9275 ref 0.2644 (2s/3s)
FoR48-id-01352840-02 old 0.8869 plm 0.9203 ref 0.3892 (2s/3s)
FoR48-id-01352840-03 old 0.8328 plm 0.8760 ref 0.4328 (2s/3s)
FoR48-id-01352840-04 old 0.8174 plm 0.8880 ref 0.3688 (2s/3s)
FoR48-id-01352840-05 old 0.8260 plm 0.8095 ref 0.3064 (2s/3s)
FoR48-id-01352840-06 old 0.8324 plm 0.8547 ref 0.3158 (2s/3s)
FoR48-id-01352840-07 old 0.7833 plm 0.8522 ref 0.3564 (2s/3s)
FoR48-id-01352840-08 old 0.9064 plm 0.8480 ref 0.3046 (2s/3s)
FoR48-id-01352840-09 old 0.7253 plm 0.7567 ref 0.3621 (2s/3s)
FoR48-id-01352840-10 old 0.7347 plm 0.8596 ref 0.1995 (3s/3s)
FoR48-id-01352840-11 old 0.8028 plm 0.7963 ref 0.2905 (2s/3s)
FoR48-id-01352840-12 old 0.8900 plm 0.8863 ref 0.3205 (3s/3s)
FoR48-id-01352840-13 old 0.8947 plm 0.8919 ref 0.4433 (3s/4s)
FoR48-id-01352840-14 old 0.8934 plm 0.9039 ref 0.2588 (2s/3s)
FoR48-id-01352840-15 old 0.8488 plm 0.8774 ref 0.3685 (3s/3s)
FoR48-id-01352840-16 old 0.9174 plm 0.8867 ref 0.4331 (2s/3s)
FoR48-id-01352840-17 old 0.8406 plm 0.8289 ref 0.3792 (3s/4s)
FoR48-id-01352840-18 old 0.8719 plm 0.8923 ref 0.3351 (3s/4s)
FoR48-id-01352840-19 old 0.8596 plm 0.8368 ref 0.4711 (2s/3s)
--- id: 320 pairs in 20 episodes, clustered by contract
reference 0.3398   plm=False 0.8419   plm=True 0.8622   diff +0.0203 (+0.0071, +0.0346)
accepted old/plm: 20 20 of 20
p_at_r80 old 0.7570 plm 0.7871
nli_acc old 0.8938 plm 0.8969
