FoR48-id-01352840-00 old 0.8014 plm 0.8470 ref 0.1954 (2s/3s)
FoR48-id-01352840-01 old 0.8730 plm 0.9207 ref 0.2644 (2s/3s)
FoR48-id-01352840-02 old 0.8869 plm 0.9213 ref 0.3892 (2s/3s)
FoR48-id-01352840-03 old 0.8328 plm 0.8684 ref 0.4328 (2s/3s)
FoR48-id-01352840-04 old 0.8174 plm 0.8559 ref 0.3688 (2s/3s)
FoR48-id-01352840-05 old 0.8260 plm 0.8052 ref 0.3064 (2s/3s)
FoR48-id-01352840-06 old 0.8324 plm 0.8607 ref 0.3158 (2s/3s)
FoR48-id-01352840-07 old 0.7833 plm 0.8447 ref 0.3564 (2s/3s)
FoR48-id-01352840-08 old 0.9064 plm 0.8699 ref 0.3046 (2s/3s)
FoR48-id-01352840-09 old 0.7253 plm 0.7688 ref 0.3621 (3s/3s)
FoR48-id-01352840-10 old 0.7347 plm 0.8539 ref 0.1995 (2s/3s)
FoR48-id-01352840-11 old 0.8028 plm 0.8049 ref 0.2905 (2s/3s)
FoR48-id-01352840-12 old 0.8900 plm 0.9062 ref 0.3205 (2s/3s)
FoR48-id-01352840-13 old 0.8947 plm 0.8917 ref 0.4433 (3s/4s)
FoR48-id-01352840-14 old 0.8934 plm 0.8958 ref 0.2588 (2s/3s)
FoR48-id-01352840-15 old 0.8488 plm 0.8981 ref 0.3685 (2s/3s)
FoR48-id-01352840-16 old 0.9174 plm 0.8966 ref 0.4331 (2s/3s)
FoR48-id-01352840-17 old 0.8406 plm 0.8317 ref 0.3792 (2s/3s)
FoR48-id-01352840-18 old 0.8719 plm 0.9093 ref 0.3351 (2s/3s)
FoR48-id-01352840-19 old 0.8596 plm 0.8362 ref 0.4711 (2s/3s)
--- id: 320 pairs in 20 episodes, clustered by contract
reference 0.3398   plm=False 0.8419   plm=True 0.8643   diff +0.0224 (+0.0094, +0.0365)
accepted old/plm: 20 20 of 20
p_at_r80 old 0.7570 plm 0.7921
nli_acc old 0.8938 plm 0.8906
